Level 0:
$ ssh bandit0@bandit.labs.overthewire.org -p 2220
Enter password: bandit0

Level 0 to Level 1:

bandit0@bandit:~$ ls -al
total 24
drwxr-xr-x  2 root    root    4096 May  7  2020 .
drwxr-xr-x 41 root    root    4096 May  7  2020 ..
-rw-r--r--  1 root    root     220 May 15  2017 .bash_logout
-rw-r--r--  1 root    root    3526 May 15  2017 .bashrc
-rw-r--r--  1 root    root     675 May 15  2017 .profile
-rw-r-----  1 bandit1 bandit0   33 May  7  2020 readme
bandit0@bandit:~$ cat readme
boJ9jbbUNNfktd78OOpsqOltutMc3MY1
bandit0@bandit:~$ exit
logout
Connection to bandit.labs.overthewire.org closed.


Password for level 1: boJ9jbbUNNfktd78OOpsqOltutMc3MY1
-------------------------------------------------------------------------------------------------------------------------------------------

Level 1 to Level 2:

$ ssh bandit1@bandit.labs.overthewire.org -p 2220
Enter password: boJ9jbbUNNfktd78OOpsqOltutMc3MY1

bandit1@bandit:~$ ls -al
total 24
-rw-r-----  1 bandit2 bandit1   33 May  7  2020 -
drwxr-xr-x  2 root    root    4096 May  7  2020 .
drwxr-xr-x 41 root    root    4096 May  7  2020 ..
-rw-r--r--  1 root    root     220 May 15  2017 .bash_logout
-rw-r--r--  1 root    root    3526 May 15  2017 .bashrc
-rw-r--r--  1 root    root     675 May 15  2017 .profile
bandit1@bandit:~$ cat ./-
CV1DtqXWVFXTvM2F0k09SHz0YwRINYA9
bandit1@bandit:~$ exit
logout
Connection to bandit.labs.overthewire.org closed.


Password for level 2: CV1DtqXWVFXTvM2F0k09SHz0YwRINYA9
-------------------------------------------------------------------------------------------------------------------------------------------

Level 2 to Level 3:

$ ssh bandit2@bandit.labs.overthewire.org -p 2220
Enter password: CV1DtqXWVFXTvM2F0k09SHz0YwRINYA9

bandit2@bandit:~$ ls -al
total 24
drwxr-xr-x  2 root    root    4096 May  7  2020 .
drwxr-xr-x 41 root    root    4096 May  7  2020 ..
-rw-r--r--  1 root    root     220 May 15  2017 .bash_logout
-rw-r--r--  1 root    root    3526 May 15  2017 .bashrc
-rw-r--r--  1 root    root     675 May 15  2017 .profile
-rw-r-----  1 bandit3 bandit2   33 May  7  2020 spaces in this filename
bandit2@bandit:~$ cat spaces\ in\ this\ filename
UmHadQclWmgdLOKQ3YNgjWxGoRMb5luK
bandit2@bandit:~$ exit
logout
Connection to bandit.labs.overthewire.org closed.


Password for level 3: UmHadQclWmgdLOKQ3YNgjWxGoRMb5luK
----------------------------------------------------------------------------------------------------------------------------------------

Level 3 to Level 4:

$ ssh bandit3@bandit.labs.overthewire.org -p 2220
Enter password: UmHadQclWmgdLOKQ3YNgjWxGoRMb5luK

bandit3@bandit:~$ ls -al
total 24
drwxr-xr-x  3 root root 4096 May  7  2020 .
drwxr-xr-x 41 root root 4096 May  7  2020 ..
-rw-r--r--  1 root root  220 May 15  2017 .bash_logout
-rw-r--r--  1 root root 3526 May 15  2017 .bashrc
drwxr-xr-x  2 root root 4096 May  7  2020 inhere
-rw-r--r--  1 root root  675 May 15  2017 .profile
bandit3@bandit:~$ cd inhere
bandit3@bandit:~/inhere$ ls -al
total 12
drwxr-xr-x 2 root    root    4096 May  7  2020 .
drwxr-xr-x 3 root    root    4096 May  7  2020 ..
-rw-r----- 1 bandit4 bandit3   33 May  7  2020 .hidden
bandit3@bandit:~/inhere$ cat .hidden
pIwrPrtPN36QITSp3EQaw936yaFoFgAB
bandit3@bandit:~/inhere$ exit
logout
Connection to bandit.labs.overthewire.org closed.


Password for level 4: pIwrPrtPN36QITSp3EQaw936yaFoFgAB
------------------------------------------------------------------------------------------------------------------------------------------

Level 4 to Level 5:

$ ssh bandit4@bandit.labs.overthewire.org -p 2220
Enter password: pIwrPrtPN36QITSp3EQaw936yaFoFgAB

bandit4@bandit:~$ ls -al
total 24
drwxr-xr-x  3 root root 4096 May  7  2020 .
drwxr-xr-x 41 root root 4096 May  7  2020 ..
-rw-r--r--  1 root root  220 May 15  2017 .bash_logout
-rw-r--r--  1 root root 3526 May 15  2017 .bashrc
drwxr-xr-x  2 root root 4096 May  7  2020 inhere
-rw-r--r--  1 root root  675 May 15  2017 .profile
bandit4@bandit:~$ cd inhere
bandit4@bandit:~/inhere$ ls -al
total 48
drwxr-xr-x 2 root    root    4096 May  7  2020 .
drwxr-xr-x 3 root    root    4096 May  7  2020 ..
-rw-r----- 1 bandit5 bandit4   33 May  7  2020 -file00
-rw-r----- 1 bandit5 bandit4   33 May  7  2020 -file01
-rw-r----- 1 bandit5 bandit4   33 May  7  2020 -file02
-rw-r----- 1 bandit5 bandit4   33 May  7  2020 -file03
-rw-r----- 1 bandit5 bandit4   33 May  7  2020 -file04
-rw-r----- 1 bandit5 bandit4   33 May  7  2020 -file05
-rw-r----- 1 bandit5 bandit4   33 May  7  2020 -file06
-rw-r----- 1 bandit5 bandit4   33 May  7  2020 -file07
-rw-r----- 1 bandit5 bandit4   33 May  7  2020 -file08
-rw-r----- 1 bandit5 bandit4   33 May  7  2020 -file09
bandit4@bandit:~/inhere$ file ./-*
./-file00: data
./-file01: data
./-file02: data
./-file03: data
./-file04: data
./-file05: data
./-file06: data
./-file07: ASCII text
./-file08: data
./-file09: data
bandit4@bandit:~/inhere$ cat ./-file07
koReBOKuIDDepwhWk7jZC0RTdopnAYKh
bandit4@bandit:~/inhere$ exit
logout
Connection to bandit.labs.overthewire.org closed.


Password for level 5: koReBOKuIDDepwhWk7jZC0RTdopnAYKh
----------------------------------------------------------------------------------------------------------------------------------------

Level 5 to Level 6:

$ ssh bandit5@bandit.labs.overthewire.org -p 2220
Enter password: koReBOKuIDDepwhWk7jZC0RTdopnAYKh

bandit5@bandit:~$ ls -al
total 24
drwxr-xr-x  3 root root    4096 May  7  2020 .
drwxr-xr-x 41 root root    4096 May  7  2020 ..
-rw-r--r--  1 root root     220 May 15  2017 .bash_logout
-rw-r--r--  1 root root    3526 May 15  2017 .bashrc
drwxr-x--- 22 root bandit5 4096 May  7  2020 inhere
-rw-r--r--  1 root root     675 May 15  2017 .profile
bandit5@bandit:~$ cd inhere
bandit5@bandit:~/inhere$ ls -al
total 88
drwxr-x--- 22 root bandit5 4096 May  7  2020 .
drwxr-xr-x  3 root root    4096 May  7  2020 ..
drwxr-x---  2 root bandit5 4096 May  7  2020 maybehere00
drwxr-x---  2 root bandit5 4096 May  7  2020 maybehere01
drwxr-x---  2 root bandit5 4096 May  7  2020 maybehere02
drwxr-x---  2 root bandit5 4096 May  7  2020 maybehere03
drwxr-x---  2 root bandit5 4096 May  7  2020 maybehere04
drwxr-x---  2 root bandit5 4096 May  7  2020 maybehere05
drwxr-x---  2 root bandit5 4096 May  7  2020 maybehere06
drwxr-x---  2 root bandit5 4096 May  7  2020 maybehere07
drwxr-x---  2 root bandit5 4096 May  7  2020 maybehere08
drwxr-x---  2 root bandit5 4096 May  7  2020 maybehere09
drwxr-x---  2 root bandit5 4096 May  7  2020 maybehere10
drwxr-x---  2 root bandit5 4096 May  7  2020 maybehere11
drwxr-x---  2 root bandit5 4096 May  7  2020 maybehere12
drwxr-x---  2 root bandit5 4096 May  7  2020 maybehere13
drwxr-x---  2 root bandit5 4096 May  7  2020 maybehere14
drwxr-x---  2 root bandit5 4096 May  7  2020 maybehere15
drwxr-x---  2 root bandit5 4096 May  7  2020 maybehere16
drwxr-x---  2 root bandit5 4096 May  7  2020 maybehere17
drwxr-x---  2 root bandit5 4096 May  7  2020 maybehere18
drwxr-x---  2 root bandit5 4096 May  7  2020 maybehere19
bandit5@bandit:~/inhere$ find . -type f -readable ! -executable -size 1033c
./maybehere07/.file2
bandit5@bandit:~/inhere$ cat ./maybehere07/.file2
DXjZPULLxYr17uwoI01bNLQbtFemEgo7                                                                                                                                                                                                                                                                                                                                                                                                                                                                                                                                                                                                                                                                                                                                                                                                                                                                                                                                                                                                                                      bandit5@bandit:~/inhere$ exit
logout
Connection to bandit.labs.overthewire.org closed.


Password for level 6: DXjZPULLxYr17uwoI01bNLQbtFemEgo7
--------------------------------------------------------------------------------------------------------------------------------

Level 6 to Level 7:

$ ssh bandit6@bandit.labs.overthewire.org -p 2220
Enter password: DXjZPULLxYr17uwoI01bNLQbtFemEgo7

bandit6@bandit:~$ ls -al
total 20
drwxr-xr-x  2 root root 4096 May  7  2020 .
drwxr-xr-x 41 root root 4096 May  7  2020 ..
-rw-r--r--  1 root root  220 May 15  2017 .bash_logout
-rw-r--r--  1 root root 3526 May 15  2017 .bashrc
-rw-r--r--  1 root root  675 May 15  2017 .profile
bandit6@bandit:~$ find / -user bandit7 -group bandit6 -size 33c 2>/dev/null
/var/lib/dpkg/info/bandit7.password
bandit6@bandit:~$ cat /var/lib/dpkg/info/bandit7.password
HKBPTKQnIay4Fw76bEy8PVxKEDQRKTzs
bandit6@bandit:~$ exit
logout
Connection to bandit.labs.overthewire.org closed.


Password for level 7: HKBPTKQnIay4Fw76bEy8PVxKEDQRKTzs
-------------------------------------------------------------------------------------------------------

Level 7 to Level 8: 

$ ssh bandit7@bandit.labs.overthewire.org -p 2220
Enter Password: HKBPTKQnIay4Fw76bEy8PVxKEDQRKTzs

bandit7@bandit:~$ ls -al
total 4108
drwxr-xr-x  2 root    root       4096 May  7  2020 .
drwxr-xr-x 41 root    root       4096 May  7  2020 ..
-rw-r--r--  1 root    root        220 May 15  2017 .bash_logout
-rw-r--r--  1 root    root       3526 May 15  2017 .bashrc
-rw-r-----  1 bandit8 bandit7 4184396 May  7  2020 data.txt
-rw-r--r--  1 root    root        675 May 15  2017 .profile
bandit7@bandit:~$ cat data.txt|grep ^millionth
millionth	cvX2JJa4CFALtqS87jk27qwqGhBM9plV
bandit7@bandit:~$ exit
logout
Connection to bandit.labs.overthewire.org closed.


Password for level 8: cvX2JJa4CFALtqS87jk27qwqGhBM9plV
-------------------------------------------------------------------------------------------------------

Level 8 to Level 9:

$ ssh bandit8@bandit.labs.overthewire.org -p 2220
Enter password: cvX2JJa4CFALtqS87jk27qwqGhBM9plV

bandit8@bandit:~$ cat data.txt|sort|uniq -u
UsvVyFSfZZWbi6wgC7dAFyFuR6jQQUhR
bandit8@bandit:~$ exit
logout
Connection to bandit.labs.overthewire.org closed.


Password for level 9: UsvVyFSfZZWbi6wgC7dAFyFuR6jQQUhR
---------------------------------------------------------------------------------------------------------

Level 9 to Level 10:
$ ssh bandit9@bandit.labs.overthewire.org -p 2220
Enter password: UsvVyFSfZZWbi6wgC7dAFyFuR6jQQUhR

bandit9@bandit:~$ strings data.txt|grep "="
========== the*2i"4
=:G e
========== password
<I=zsGi
Z)========== is
A=|t&E
Zdb=
c^ LAh=3G
*SF=s
&========== truKLdjsbJ5g7yyJ2X2R0o3a5HQJFuLk
S=A.H&^
bandit9@bandit:~$ exit
logout
Connection to bandit.labs.overthewire.org closed.


Password for level 10: truKLdjsbJ5g7yyJ2X2R0o3a5HQJFuLk
-------------------------------------------------------------------------------------------------------------------

Level 10 to Level 11:

$ ssh bandit10@bandit.labs.overthewire.org -p 2220
Enter password: truKLdjsbJ5g7yyJ2X2R0o3a5HQJFuLk

bandit10@bandit:~$ ls -al
total 24
drwxr-xr-x  2 root     root     4096 May  7  2020 .
drwxr-xr-x 41 root     root     4096 May  7  2020 ..
-rw-r--r--  1 root     root      220 May 15  2017 .bash_logout
-rw-r--r--  1 root     root     3526 May 15  2017 .bashrc
-rw-r-----  1 bandit11 bandit10   69 May  7  2020 data.txt
-rw-r--r--  1 root     root      675 May 15  2017 .profile
bandit10@bandit:~$ cat data.txt
VGhlIHBhc3N3b3JkIGlzIElGdWt3S0dzRlc4TU9xM0lSRnFyeEUxaHhUTkViVVBSCg==
bandit10@bandit:~$ echo VGhlIHBhc3N3b3JkIGlzIElGdWt3S0dzRlc4TU9xM0lSRnFyeEUxaHhUTkViVVBSCg== | base64 --decode
The password is IFukwKGsFW8MOq3IRFqrxE1hxTNEbUPR
bandit10@bandit:~$ exit
logout
Connection to bandit.labs.overthewire.org closed.


Password for level 11: IFukwKGsFW8MOq3IRFqrxE1hxTNEbUPR
-----------------------------------------------------------------------------------------------------------------

Level 11 to Level 12:


$ ssh bandit11@bandit.labs.overthewire.org -p 2220
Enter password: IFukwKGsFW8MOq3IRFqrxE1hxTNEbUPR

bandit11@bandit:~$ cat data.txt
Gur cnffjbeq vf 5Gr8L4qetPEsPk8htqjhRK8XSP6x2RHh
bandit11@bandit:~$ cat data.txt|tr '[A-Za-z]' '[N-ZA-Mn-za-m]'
The password is 5Te8Y4drgCRfCx8ugdwuEX8KFC6k2EUu
bandit11@bandit:~$ exit
logout
Connection to bandit.labs.overthewire.org closed.


Password for level 12: 5Te8Y4drgCRfCx8ugdwuEX8KFC6k2EUu
--------------------------------------------------------------------------------------------------------

Level 12 to Level 13:

$ ssh bandit12@bandit.labs.overthewire.org -p 2220
Enter password: 5Te8Y4drgCRfCx8ugdwuEX8KFC6k2EUu

bandit12@bandit:$ ls -al
total 24
drwxr-xr-x  2 root     root     4096 May  7  2020 .
drwxr-xr-x 41 root     root     4096 May  7  2020 ..
-rw-r--r--  1 root     root      220 May 15  2017 .bash_logout
-rw-r--r--  1 root     root     3526 May 15  2017 .bashrc
-rw-r-----  1 bandit13 bandit12 2582 May  7  2020 data.txt
-rw-r--r--  1 root     root      675 May 15  2017 .profile
bandit12@bandit:$ mkdir /tmp/reeshi
bandit12@bandit:$ cp data.txt /tmp/reeshi
bandit12@bandit:$ cd /tmp/reeshi
bandit12@bandit:/tmp/reeshi$ file data.txt
data.txt: ASCII text
bandit12@bandit:/tmp/reeshi$ xxd -r data.txt > data_xxd_reverse
bandit12@bandit:/tmp/reeshi$ file data_xxd_reverse
data_xxd_reverse: gzip compressed data, was "data2.bin", last modified: Thu May  7 18:14:30 2020, max compression, from Unix
bandit12@bandit:/tmp/reeshi$ zcat data_xxd_reverse > data_zcat
bandit12@bandit:/tmp/reeshi$ file data_zcat
data_zcat: bzip2 compressed data, block size = 900k
bandit12@bandit:/tmp/reeshi$ bzip2 -d data_zcat
bzip2: Can't guess original name for data_zcat -- using data_zcat.out
bandit12@bandit:/tmp/reeshi$ file data_zcat.out
data_zcat.out: gzip compressed data, was "data4.bin", last modified: Thu May  7 18:14:30 2020, max compression, from Unix
bandit12@bandit:/tmp/reeshi$ ls -al
total 1132
drwxr-sr-x    2 bandit12 root    4096 Apr 18 17:02 .
drwxrws-wt 2063 root     root 1134592 Apr 18 17:03 ..
-rw-r-----    1 bandit12 root    2582 Apr 18 16:47 data.txt
-rw-r--r--    1 bandit12 root     606 Apr 18 17:01 data_xxd_reverse
-rw-r--r--    1 bandit12 root     431 Apr 18 17:02 data_zcat.out
-rw-r--r--    1 bandit12 root     573 Apr 18 16:55 data_zcat.out.bz2
bandit12@bandit:/tmp/reeshi$ zcat data_zcat.out > data_zcat_2
bandit12@bandit:/tmp/reeshi$ file data_zcat_2
data_zcat_2: POSIX tar archive (GNU)
bandit12@bandit:/tmp/reeshi$ tar xvf data_zcat_2
data5.bin
bandit12@bandit:/tmp/reeshi$ file data5.bin
data5.bin: POSIX tar archive (GNU)
bandit12@bandit:/tmp/reeshi$ tar xvf data5.bin
data6.bin
bandit12@bandit:/tmp/reeshi$ file data6.bin
data6.bin: bzip2 compressed data, block size = 900k
bandit12@bandit:/tmp/reeshi$ bzip2 -d data6.bin
bzip2: Can't guess original name for data6.bin -- using data6.bin.out
bandit12@bandit:/tmp/reeshi$ file data6.bin.out
data6.bin.out: POSIX tar archive (GNU)
bandit12@bandit:/tmp/reeshi$ tar xvf data6.bin.out
data8.bin
bandit12@bandit:/tmp/reeshi$ file data8.bin
data8.bin: gzip compressed data, was "data9.bin", last modified: Thu May  7 18:14:30 2020, max compression, from Unix
bandit12@bandit:/tmp/reeshi$ zcat data8.bin > data8_zcat
bandit12@bandit:/tmp/reeshi$ file data8_zcat
data8_zcat: ASCII text
bandit12@bandit:/tmp/reeshi$ cat data8_zcat
The password is 8ZjyCRiBWFYkneahHwxCv3wb2a1ORpYL
bandit12@bandit:/tmp/reeshi$ exit
logout
Connection to bandit.labs.overthewire.org closed.


Password for level 13: 8ZjyCRiBWFYkneahHwxCv3wb2a1ORpYL
----------------------------------------------------------------------------------------------------------------------------------------------------------------------

Level 13 to Level 14:

$ ssh bandit13@bandit.labs.overthewire.org -p 2220
bandit13@bandit.labs.overthewire.org's password: 8ZjyCRiBWFYkneahHwxCv3wb2a1ORpYL

bandit13@bandit:~$ ls -al
total 24
drwxr-xr-x  2 root     root     4096 May  7  2020 .
drwxr-xr-x 41 root     root     4096 May  7  2020 ..
-rw-r--r--  1 root     root      220 May 15  2017 .bash_logout
-rw-r--r--  1 root     root     3526 May 15  2017 .bashrc
-rw-r--r--  1 root     root      675 May 15  2017 .profile
-rw-r-----  1 bandit14 bandit13 1679 May  7  2020 sshkey.private
bandit13@bandit:~$ file sshkey.private
sshkey.private: PEM RSA private key
bandit13@bandit:~$ cat sshkey.private
-----BEGIN RSA PRIVATE KEY-----
MIIEpAIBAAKCAQEAxkkOE83W2cOT7IWhFc9aPaaQmQDdgzuXCv+ppZHa++buSkN+
gg0tcr7Fw8NLGa5+Uzec2rEg0WmeevB13AIoYp0MZyETq46t+jk9puNwZwIt9XgB
ZufGtZEwWbFWw/vVLNwOXBe4UWStGRWzgPpEeSv5Tb1VjLZIBdGphTIK22Amz6Zb
ThMsiMnyJafEwJ/T8PQO3myS91vUHEuoOMAzoUID4kN0MEZ3+XahyK0HJVq68KsV
ObefXG1vvA3GAJ29kxJaqvRfgYnqZryWN7w3CHjNU4c/2Jkp+n8L0SnxaNA+WYA7
jiPyTF0is8uzMlYQ4l1Lzh/8/MpvhCQF8r22dwIDAQABAoIBAQC6dWBjhyEOzjeA
J3j/RWmap9M5zfJ/wb2bfidNpwbB8rsJ4sZIDZQ7XuIh4LfygoAQSS+bBw3RXvzE
pvJt3SmU8hIDuLsCjL1VnBY5pY7Bju8g8aR/3FyjyNAqx/TLfzlLYfOu7i9Jet67
xAh0tONG/u8FB5I3LAI2Vp6OviwvdWeC4nOxCthldpuPKNLA8rmMMVRTKQ+7T2VS
nXmwYckKUcUgzoVSpiNZaS0zUDypdpy2+tRH3MQa5kqN1YKjvF8RC47woOYCktsD
o3FFpGNFec9Taa3Msy+DfQQhHKZFKIL3bJDONtmrVvtYK40/yeU4aZ/HA2DQzwhe
ol1AfiEhAoGBAOnVjosBkm7sblK+n4IEwPxs8sOmhPnTDUy5WGrpSCrXOmsVIBUf
laL3ZGLx3xCIwtCnEucB9DvN2HZkupc/h6hTKUYLqXuyLD8njTrbRhLgbC9QrKrS
M1F2fSTxVqPtZDlDMwjNR04xHA/fKh8bXXyTMqOHNJTHHNhbh3McdURjAoGBANkU
1hqfnw7+aXncJ9bjysr1ZWbqOE5Nd8AFgfwaKuGTTVX2NsUQnCMWdOp+wFak40JH
PKWkJNdBG+ex0H9JNQsTK3X5PBMAS8AfX0GrKeuwKWA6erytVTqjOfLYcdp5+z9s
8DtVCxDuVsM+i4X8UqIGOlvGbtKEVokHPFXP1q/dAoGAcHg5YX7WEehCgCYTzpO+
xysX8ScM2qS6xuZ3MqUWAxUWkh7NGZvhe0sGy9iOdANzwKw7mUUFViaCMR/t54W1
GC83sOs3D7n5Mj8x3NdO8xFit7dT9a245TvaoYQ7KgmqpSg/ScKCw4c3eiLava+J
3btnJeSIU+8ZXq9XjPRpKwUCgYA7z6LiOQKxNeXH3qHXcnHok855maUj5fJNpPbY
iDkyZ8ySF8GlcFsky8Yw6fWCqfG3zDrohJ5l9JmEsBh7SadkwsZhvecQcS9t4vby
9/8X4jS0P8ibfcKS4nBP+dT81kkkg5Z5MohXBORA7VWx+ACohcDEkprsQ+w32xeD
qT1EvQKBgQDKm8ws2ByvSUVs9GjTilCajFqLJ0eVYzRPaY6f++Gv/UVfAPV4c+S0
kAWpXbv5tbkkzbS0eaLPTKgLzavXtQoTtKwrjpolHKIHUz6Wu+n4abfAIRFubOdN
/+aLoRQ0yBDRbdXMsZN/jvY44eM+xRLdRVyMmdPtP8belRi2E2aEzA==
-----END RSA PRIVATE KEY-----

bandit13@bandit:~$ ssh bandit14@localhost -i sshkey.private
Could not create directory '/home/bandit13/.ssh'.
The authenticity of host 'localhost (127.0.0.1)' can't be established.
ECDSA key fingerprint is SHA256:98UL0ZWr85496EtCRkKlo20X3OPnyPSB5tB5RPbhczc.
Are you sure you want to continue connecting (yes/no)? yes

Connected to Level 14 with private ssh key

$ cat /etc/bandit_pass/bandit14
4wcYUJFw0k0XLShlDzztnTBHiqxU3b3e


Password for level 14: 4wcYUJFw0k0XLShlDzztnTBHiqxU3b3e
--------------------------------------------------------------------------------------------------------------------------------------------

Level 14 to Level 15:

bandit14@bandit:~$ echo "4wcYUJFw0k0XLShlDzztnTBHiqxU3b3e"|nc localhost 30000
Correct!
BfMYroe26WYalil77FoDi9qh59eK5xNr
bandit14@bandit:~$ exit
logout
Connection to localhost closed.
bandit13@bandit:~$ exit
logout
Connection to bandit.labs.overthewire.org closed.


Password for level 15: BfMYroe26WYalil77FoDi9qh59eK5xNr
------------------------------------------------------------------------------------------------------------------------------------------------

Level 15 to Level 16:

$ ssh bandit15@bandit.labs.overthewire.org -p 2220
bandit15@bandit.labs.overthewire.org's password: BfMYroe26WYalil77FoDi9qh59eK5xNr

bandit15@bandit:~$ echo "BfMYroe26WYalil77FoDi9qh59eK5xNr" | openssl s_client -connect localhost:30001 -ign_eof
CONNECTED(00000003)
depth=0 CN = localhost
verify error:num=18:self signed certificate
verify return:1
depth=0 CN = localhost
verify return:1
---
Certificate chain
 0 s:/CN=localhost
   i:/CN=localhost
---
Server certificate
-----BEGIN CERTIFICATE-----
MIICBjCCAW+gAwIBAgIEfftLGTANBgkqhkiG9w0BAQUFADAUMRIwEAYDVQQDDAls
b2NhbGhvc3QwHhcNMjEwNDEzMDgzODA3WhcNMjIwNDEzMDgzODA3WjAUMRIwEAYD
VQQDDAlsb2NhbGhvc3QwgZ8wDQYJKoZIhvcNAQEBBQADgY0AMIGJAoGBAMLfXBVa
jVKDHlA3U+S0hBMJMJlfue3xKECpmx1Ajp4/khUuWwvPB7+wLjqasBO2WfFYJzcq
z9t7FfAPIlYjgvOTQs5X4vQ1aGzanvnNn+1VknpOnFAJQBSFq6ZD3ipWrhwm9XZq
8CgFhTGp9IPthZp8Y0B7OgobhlMtXD/zLaTbAgMBAAGjZTBjMBQGA1UdEQQNMAuC
CWxvY2FsaG9zdDBLBglghkgBhvhCAQ0EPhY8QXV0b21hdGljYWxseSBnZW5lcmF0
ZWQgYnkgTmNhdC4gU2VlIGh0dHBzOi8vbm1hcC5vcmcvbmNhdC8uMA0GCSqGSIb3
DQEBBQUAA4GBAMFH9rsZovwnb5k71/MpyCnXEwGlIhixUu6qfi1kiFvhJ6lJCvaO
weOYxV4oJy1OEB0LSEAQOnSPfzC8dDasijFcdVhuIGGPuQ2GZ05nCiiIZUNnrMRB
0z2RuRxgxMVjOvcSIJyvwyjVH4jY4I434fMyldePLxO1POLd1cxoKNTO
-----END CERTIFICATE-----
subject=/CN=localhost
issuer=/CN=localhost
---
No client certificate CA names sent
Peer signing digest: SHA512
Server Temp Key: X25519, 253 bits
---
SSL handshake has read 1019 bytes and written 269 bytes
Verification error: self signed certificate
---
New, TLSv1.2, Cipher is ECDHE-RSA-AES256-GCM-SHA384
Server public key is 1024 bit
Secure Renegotiation IS supported
Compression: NONE
Expansion: NONE
No ALPN negotiated
SSL-Session:
    Protocol  : TLSv1.2
    Cipher    : ECDHE-RSA-AES256-GCM-SHA384
    Session-ID: F8C3E33783360540605BF9143F9D479585688C1754D6F86D24D5EF522743DA2B
    Session-ID-ctx: 
    Master-Key: 60378AACD9D878B07FBC5043F134B5F051BECA492D720785D3E76C007D0038E9F3374FAD15044FF6007CB8AA68179B62
    PSK identity: None
    PSK identity hint: None
    SRP username: None
    TLS session ticket lifetime hint: 7200 (seconds)
    TLS session ticket:
    0000 - f2 5b 83 7e f0 ca 58 ca-aa f3 8f 83 b9 65 d5 23   .[.~..X......e.#
    0010 - 83 2a a0 2e 7f c2 6c a2-58 2f c4 dc c4 51 72 a2   .*....l.X/...Qr.
    0020 - 72 d3 e4 dc c4 80 e1 3f-10 41 d4 05 45 28 39 66   r......?.A..E(9f
    0030 - 90 dc e6 a5 12 2a b0 37-22 97 7b b7 48 86 72 2e   .....*.7".{.H.r.
    0040 - c6 11 e5 0f 39 b9 f5 0d-fa 2f 72 3e 0c e5 88 c7   ....9..../r>....
    0050 - 29 72 83 0d 89 93 9f 34-97 ab 0e 19 08 3d 8c 1a   )r.....4.....=..
    0060 - 8e d5 d1 4b 99 5c f1 27-c4 21 09 b5 85 04 da 6c   ...K.\.'.!.....l
    0070 - ee 8c e5 3b e1 de 48 d3-11 ea 68 9f cb 4f 8c 0e   ...;..H...h..O..
    0080 - a7 1f 41 ab 22 1b 76 bb-1b 6d 30 ce 41 39 64 0b   ..A.".v..m0.A9d.
    0090 - d9 9e 40 38 05 1c f4 65-93 36 7e e0 3b fc 1b dd   ..@8...e.6~.;...

    Start Time: 1618762428
    Timeout   : 7200 (sec)
    Verify return code: 18 (self signed certificate)
    Extended master secret: yes
---
Correct!
cluFn7wTiGryunymYOu4RcffSxQluehd

closed
bandit15@bandit:~$ exit
logout
Connection to bandit.labs.overthewire.org closed.


Password for level 16: cluFn7wTiGryunymYOu4RcffSxQluehd
---------------------------------------------------------------------------------------------------------------------------------------------------------------------------

Level 16 to Level 17:

$ ssh bandit16@bandit.labs.overthewire.org -p 2220
bandit15@bandit.labs.overthewire.org's password: cluFn7wTiGryunymYOu4RcffSxQluehd

bandit16@bandit:~$ nmap localhost -p 31000-32000 -A

Starting Nmap 7.40 ( https://nmap.org ) at 2021-04-18 18:18 CEST
Nmap scan report for localhost (127.0.0.1)
Host is up (0.00043s latency).
Not shown: 996 closed ports
PORT      STATE SERVICE     VERSION
31046/tcp open  echo
31518/tcp open  ssl/echo
| ssl-cert: Subject: commonName=localhost
| Subject Alternative Name: DNS:localhost
| Not valid before: 2021-04-13T08:39:02
|_Not valid after:  2022-04-13T08:39:02
|_ssl-date: TLS randomness does not represent time
31691/tcp open  echo
31790/tcp open  ssl/unknown
| fingerprint-strings: 
|   FourOhFourRequest, GenericLines, GetRequest, HTTPOptions, Help, Kerberos, LDAPSearchReq, LPDString, RTSPRequest, SIPOptions, SSLSessionReq, TLSSessionReq: 
|_    Wrong! Please enter the correct current password
| ssl-cert: Subject: commonName=localhost
| Subject Alternative Name: DNS:localhost
| Not valid before: 2021-04-13T08:39:02
|_Not valid after:  2022-04-13T08:39:02
|_ssl-date: TLS randomness does not represent time
31960/tcp open  echo
1 service unrecognized despite returning data. If you know the service/version, please submit the following fingerprint at https://nmap.org/cgi-bin/submit.cgi?new-service :
SF-Port31790-TCP:V=7.40%T=SSL%I=7%D=4/18%Time=607C5BDE%P=x86_64-pc-linux-g
SF:nu%r(GenericLines,31,"Wrong!\x20Please\x20enter\x20the\x20correct\x20cu
SF:rrent\x20password\n")%r(GetRequest,31,"Wrong!\x20Please\x20enter\x20the
SF:\x20correct\x20current\x20password\n")%r(HTTPOptions,31,"Wrong!\x20Plea
SF:se\x20enter\x20the\x20correct\x20current\x20password\n")%r(RTSPRequest,
SF:31,"Wrong!\x20Please\x20enter\x20the\x20correct\x20current\x20password\
SF:n")%r(Help,31,"Wrong!\x20Please\x20enter\x20the\x20correct\x20current\x
SF:20password\n")%r(SSLSessionReq,31,"Wrong!\x20Please\x20enter\x20the\x20
SF:correct\x20current\x20password\n")%r(TLSSessionReq,31,"Wrong!\x20Please
SF:\x20enter\x20the\x20correct\x20current\x20password\n")%r(Kerberos,31,"W
SF:rong!\x20Please\x20enter\x20the\x20correct\x20current\x20password\n")%r
SF:(FourOhFourRequest,31,"Wrong!\x20Please\x20enter\x20the\x20correct\x20c
SF:urrent\x20password\n")%r(LPDString,31,"Wrong!\x20Please\x20enter\x20the
SF:\x20correct\x20current\x20password\n")%r(LDAPSearchReq,31,"Wrong!\x20Pl
SF:ease\x20enter\x20the\x20correct\x20current\x20password\n")%r(SIPOptions
SF:,31,"Wrong!\x20Please\x20enter\x20the\x20correct\x20current\x20password
SF:\n");

Service detection performed. Please report any incorrect results at https://nmap.org/submit/ .
Nmap done: 1 IP address (1 host up) scanned in 88.30 seconds
bandit16@bandit:~$ echo "cluFn7wTiGryunymYOu4RcffSxQluehd" | openssl s_client -connect localhost:31790 -ign_eof
CONNECTED(00000003)
depth=0 CN = localhost
verify error:num=18:self signed certificate
verify return:1
depth=0 CN = localhost
verify return:1
---
Certificate chain
 0 s:/CN=localhost
   i:/CN=localhost
---
Server certificate
-----BEGIN CERTIFICATE-----
MIICBjCCAW+gAwIBAgIEAVEaADANBgkqhkiG9w0BAQUFADAUMRIwEAYDVQQDDAls
b2NhbGhvc3QwHhcNMjEwNDEzMDgzOTAyWhcNMjIwNDEzMDgzOTAyWjAUMRIwEAYD
VQQDDAlsb2NhbGhvc3QwgZ8wDQYJKoZIhvcNAQEBBQADgY0AMIGJAoGBAMSNMcd2
/JHQJIG6WVZ1VjJUi7NU2N/tkFLsLv7Y3slHaQAHLaC2aqILEQwYjDAhkvCogSwx
nvyWicMmNAUie9JaHNqKbRXPawKvKpr3bMgH5Gwbj/aUt18FZlzGUVJJfGzlWPkr
A2nwgzcVLkJKWR/2bV1C9gh/VqTYtUxPi7RtAgMBAAGjZTBjMBQGA1UdEQQNMAuC
CWxvY2FsaG9zdDBLBglghkgBhvhCAQ0EPhY8QXV0b21hdGljYWxseSBnZW5lcmF0
ZWQgYnkgTmNhdC4gU2VlIGh0dHBzOi8vbm1hcC5vcmcvbmNhdC8uMA0GCSqGSIb3
DQEBBQUAA4GBAGcuQr3/eWigw9h33i60xbf62wgXV8lcX6BuQ5xvOgd8eyvFIohp
usJHhSNGtdA+V0cw2qRuwWCmC/+unVvDWyC5OX2ka3XuF1Z9Z9282z+BCsuSAYHS
P3Oibv3/cEqa3kPuswuHOn2LkJmL/a/Kwwkzwfi/j9RIR/jm9FEOVlgm
-----END CERTIFICATE-----
subject=/CN=localhost
issuer=/CN=localhost
---
No client certificate CA names sent
Peer signing digest: SHA512
Server Temp Key: X25519, 253 bits
---
SSL handshake has read 1019 bytes and written 269 bytes
Verification error: self signed certificate
---
New, TLSv1.2, Cipher is ECDHE-RSA-AES256-GCM-SHA384
Server public key is 1024 bit
Secure Renegotiation IS supported
Compression: NONE
Expansion: NONE
No ALPN negotiated
SSL-Session:
    Protocol  : TLSv1.2
    Cipher    : ECDHE-RSA-AES256-GCM-SHA384
    Session-ID: 578451B3B98B1B0EF191992CB3B1BB62AA9416E23B717BFD321C26F0380143E0
    Session-ID-ctx: 
    Master-Key: D37D500802D96D27F217A78B5E00A70E35985F87E03A05888D7C9614B8DE2FCCC17165E3A97367C88F04A8118A64622E
    PSK identity: None
    PSK identity hint: None
    SRP username: None
    TLS session ticket lifetime hint: 7200 (seconds)
    TLS session ticket:
    0000 - 03 83 6e 86 7a 68 2a 2b-55 2d 9b 9e 6d 2f ce e5   ..n.zh*+U-..m/..
    0010 - dd 74 53 a2 c6 da af 87-ea 34 35 16 ab 20 42 5e   .tS......45.. B^
    0020 - e4 0f ce 09 3d ab b6 7d-ab 54 0f 55 18 ef 24 28   ....=..}.T.U..$(
    0030 - 53 df 60 70 0a 0f 24 5f-f9 b7 72 fe 65 7d 4a 46   S.`p..$_..r.e}JF
    0040 - d5 b0 17 68 cc d8 11 85-4b 39 90 9b 33 68 93 43   ...h....K9..3h.C
    0050 - c5 d3 da 82 ea 33 be 48-fa 9e 96 9f fd d2 f8 d6   .....3.H........
    0060 - 6b 89 69 be 48 9e b3 a7-85 b9 4f b2 8f 0e 20 37   k.i.H.....O... 7
    0070 - 06 a3 17 fd c6 2a 54 41-b0 21 da 2f b3 77 6b fb   .....*TA.!./.wk.
    0080 - f4 29 c3 82 c4 f7 aa 67-96 cf a8 53 15 29 60 f1   .).....g...S.)`.
    0090 - f5 b3 c5 80 b3 a8 03 91-2a 14 46 8e ac 7f 3b 4f   ........*.F...;O

    Start Time: 1618762909
    Timeout   : 7200 (sec)
    Verify return code: 18 (self signed certificate)
    Extended master secret: yes
---
Correct!
-----BEGIN RSA PRIVATE KEY-----
MIIEogIBAAKCAQEAvmOkuifmMg6HL2YPIOjon6iWfbp7c3jx34YkYWqUH57SUdyJ
imZzeyGC0gtZPGujUSxiJSWI/oTqexh+cAMTSMlOJf7+BrJObArnxd9Y7YT2bRPQ
Ja6Lzb558YW3FZl87ORiO+rW4LCDCNd2lUvLE/GL2GWyuKN0K5iCd5TbtJzEkQTu
DSt2mcNn4rhAL+JFr56o4T6z8WWAW18BR6yGrMq7Q/kALHYW3OekePQAzL0VUYbW
JGTi65CxbCnzc/w4+mqQyvmzpWtMAzJTzAzQxNbkR2MBGySxDLrjg0LWN6sK7wNX
x0YVztz/zbIkPjfkU1jHS+9EbVNj+D1XFOJuaQIDAQABAoIBABagpxpM1aoLWfvD
KHcj10nqcoBc4oE11aFYQwik7xfW+24pRNuDE6SFthOar69jp5RlLwD1NhPx3iBl
J9nOM8OJ0VToum43UOS8YxF8WwhXriYGnc1sskbwpXOUDc9uX4+UESzH22P29ovd
d8WErY0gPxun8pbJLmxkAtWNhpMvfe0050vk9TL5wqbu9AlbssgTcCXkMQnPw9nC
YNN6DDP2lbcBrvgT9YCNL6C+ZKufD52yOQ9qOkwFTEQpjtF4uNtJom+asvlpmS8A
vLY9r60wYSvmZhNqBUrj7lyCtXMIu1kkd4w7F77k+DjHoAXyxcUp1DGL51sOmama
+TOWWgECgYEA8JtPxP0GRJ+IQkX262jM3dEIkza8ky5moIwUqYdsx0NxHgRRhORT
8c8hAuRBb2G82so8vUHk/fur85OEfc9TncnCY2crpoqsghifKLxrLgtT+qDpfZnx
SatLdt8GfQ85yA7hnWWJ2MxF3NaeSDm75Lsm+tBbAiyc9P2jGRNtMSkCgYEAypHd
HCctNi/FwjulhttFx/rHYKhLidZDFYeiE/v45bN4yFm8x7R/b0iE7KaszX+Exdvt
SghaTdcG0Knyw1bpJVyusavPzpaJMjdJ6tcFhVAbAjm7enCIvGCSx+X3l5SiWg0A
R57hJglezIiVjv3aGwHwvlZvtszK6zV6oXFAu0ECgYAbjo46T4hyP5tJi93V5HDi
Ttiek7xRVxUl+iU7rWkGAXFpMLFteQEsRr7PJ/lemmEY5eTDAFMLy9FL2m9oQWCg
R8VdwSk8r9FGLS+9aKcV5PI/WEKlwgXinB3OhYimtiG2Cg5JCqIZFHxD6MjEGOiu
L8ktHMPvodBwNsSBULpG0QKBgBAplTfC1HOnWiMGOU3KPwYWt0O6CdTkmJOmL8Ni
blh9elyZ9FsGxsgtRBXRsqXuz7wtsQAgLHxbdLq/ZJQ7YfzOKU4ZxEnabvXnvWkU
YOdjHdSOoKvDQNWu6ucyLRAWFuISeXw9a/9p7ftpxm0TSgyvmfLF2MIAEwyzRqaM
77pBAoGAMmjmIJdjp+Ez8duyn3ieo36yrttF5NSsJLAbxFpdlc1gvtGCWW+9Cq0b
dxviW8+TFVEBl1O4f7HVm6EpTscdDxU+bCXWkfjuRb7Dy9GOtt9JPsX8MBTakzh3
vBgsyi/sN3RqRBcGU40fOoZyfAMT8s1m/uYv52O6IgeuZ/ujbjY=
-----END RSA PRIVATE KEY-----

closed
bandit16@bandit:~$ exit
logout
Connection to bandit.labs.overthewire.org closed.

$ touch bandit17_key
$ gedit bandit17_key (Store the key here)
$ chmod 400 bandit17_key
----------------------------------------------------------------------------------------------------------

Level 17 to Level 18:

$ ssh bandit17@bandit.labs.overthewire.org -p 2220 -i bandit17_key

bandit17@bandit:~$ ls -al
total 36
drwxr-xr-x  3 root     root     4096 Jul 11  2020 .
drwxr-xr-x 41 root     root     4096 May  7  2020 ..
-rw-r-----  1 bandit17 bandit17   33 Jul 11  2020 .bandit16.password
-rw-r--r--  1 root     root      220 May 15  2017 .bash_logout
-rw-r--r--  1 root     root     3526 May 15  2017 .bashrc
-rw-r-----  1 bandit18 bandit17 3300 May  7  2020 passwords.new
-rw-r-----  1 bandit18 bandit17 3300 May  7  2020 passwords.old
-rw-r--r--  1 root     root      675 May 15  2017 .profile
drwxr-xr-x  2 root     root     4096 Jul 11  2020 .ssh
bandit17@bandit:~$ diff passwords.new passwords.old
42c42
< kfBf3eYk5BPBRzwjqutbbfE887SVc5Yd
---
> w0Yfolrc5bwjS4qw5mq1nnQi6mF03bii
bandit17@bandit:~$ exit
logout
Connection to bandit.labs.overthewire.org closed.


Password for level 18: kfBf3eYk5BPBRzwjqutbbfE887SVc5Yd
-----------------------------------------------------------------------------------------------------

Level 18 to Level 19:

$ ssh bandit18@bandit.labs.overthewire.org -p 2220 "cat ~/readme"
bandit18@bandit.labs.overthewire.org's password: kfBf3eYk5BPBRzwjqutbbfE887SVc5Yd
IueksS7Ubh8G3DCwVzrTd8rAVOwq3M5x
bandit18@bandit:~$ exit
logout
Connection to bandit.labs.overthewire.org closed.


Password for level 19: IueksS7Ubh8G3DCwVzrTd8rAVOwq3M5x
------------------------------------------------------------------------------------------------------

Level 19 to Level 20:

$ ssh bandit19@bandit.labs.overthewire.org -p 2220
bandit19@bandit.labs.overthewire.org's password: IueksS7Ubh8G3DCwVzrTd8rAVOwq3M5x

bandit19@bandit:~$ ls -al
total 28
drwxr-xr-x  2 root     root     4096 May  7  2020 .
drwxr-xr-x 41 root     root     4096 May  7  2020 ..
-rwsr-x---  1 bandit20 bandit19 7296 May  7  2020 bandit20-do
-rw-r--r--  1 root     root      220 May 15  2017 .bash_logout
-rw-r--r--  1 root     root     3526 May 15  2017 .bashrc
-rw-r--r--  1 root     root      675 May 15  2017 .profile
bandit19@bandit:~$ ls -al ./bandit20-do
-rwsr-x--- 1 bandit20 bandit19 7296 May  7  2020 ./bandit20-do
bandit19@bandit:~$ ./bandit20-do id
uid=11019(bandit19) gid=11019(bandit19) euid=11020(bandit20) groups=11019(bandit19)
bandit19@bandit:~$ ls /etc/bandit_pass/bandit*
/etc/bandit_pass/bandit0   /etc/bandit_pass/bandit15  /etc/bandit_pass/bandit21  /etc/bandit_pass/bandit28  /etc/bandit_pass/bandit4
/etc/bandit_pass/bandit1   /etc/bandit_pass/bandit16  /etc/bandit_pass/bandit22  /etc/bandit_pass/bandit29  /etc/bandit_pass/bandit5
/etc/bandit_pass/bandit10  /etc/bandit_pass/bandit17  /etc/bandit_pass/bandit23  /etc/bandit_pass/bandit3   /etc/bandit_pass/bandit6
/etc/bandit_pass/bandit11  /etc/bandit_pass/bandit18  /etc/bandit_pass/bandit24  /etc/bandit_pass/bandit30  /etc/bandit_pass/bandit7
/etc/bandit_pass/bandit12  /etc/bandit_pass/bandit19  /etc/bandit_pass/bandit25  /etc/bandit_pass/bandit31  /etc/bandit_pass/bandit8
/etc/bandit_pass/bandit13  /etc/bandit_pass/bandit2   /etc/bandit_pass/bandit26  /etc/bandit_pass/bandit32  /etc/bandit_pass/bandit9
/etc/bandit_pass/bandit14  /etc/bandit_pass/bandit20  /etc/bandit_pass/bandit27  /etc/bandit_pass/bandit33
bandit19@bandit:~$ ls /etc/bandit_pass/bandit20
/etc/bandit_pass/bandit20
bandit19@bandit:~$ ./bandit20-do cat /etc/bandit_pass/bandit20
GbKksEFF4yrVs6il55v6gwY5aVje5f0j
bandit19@bandit:~$ exit
logout
Connection to bandit.labs.overthewire.org closed.


Password for level 20: GbKksEFF4yrVs6il55v6gwY5aVje5f0j
-------------------------------------------------------------------------------------------------------------------


























